../Core/Src/JBD_BMS_MESSAGES.c:11:6:decode_CAN_0x100	24	static
../Core/Src/JBD_BMS_MESSAGES.c:18:6:decode_CAN_0x101	16	static
../Core/Src/JBD_BMS_MESSAGES.c:26:6:decode_CAN_Voltage	32	static
../Core/Src/JBD_BMS_MESSAGES.c:42:6:decode_CAN_0x103	16	static
../Core/Src/JBD_BMS_MESSAGES.c:52:6:decode_CAN_0x102	32	static
../Core/Src/JBD_BMS_MESSAGES.c:68:6:decode_CAN_0x104	16	static
../Core/Src/JBD_BMS_MESSAGES.c:77:6:decode_CAN_0x105	24	static
../Core/Src/JBD_BMS_MESSAGES.c:92:6:decode_CAN_0x106	24	static
../Core/Src/JBD_BMS_MESSAGES.c:109:6:decode_CAN_0x107	16	static
../Core/Src/JBD_BMS_MESSAGES.c:121:6:decode_CAN_0x108	16	static
../Core/Src/JBD_BMS_MESSAGES.c:135:6:decode_CAN_0x109	16	static
../Core/Src/JBD_BMS_MESSAGES.c:149:6:decode_CAN_0x10A	16	static
../Core/Src/JBD_BMS_MESSAGES.c:163:6:decode_CAN_0x10B	16	static
../Core/Src/JBD_BMS_MESSAGES.c:174:6:decode_CAN_0x10C	16	static
../Core/Src/JBD_BMS_MESSAGES.c:187:7:decode_CAN_0x10D	16	static
../Core/Src/JBD_BMS_MESSAGES.c:200:7:decode_CAN_0x10E	16	static
../Core/Src/JBD_BMS_MESSAGES.c:214:6:decode_CAN_0x10F	16	static
../Core/Src/JBD_BMS_MESSAGES.c:228:6:decode_CAN_0x110	16	static
