../Core/Src/JBD_BMS_MESSAGES.c:11:6:decode_CAN_0x100	48	static
../Core/Src/JBD_BMS_MESSAGES.c:18:6:decode_CAN_0x101	24	static
../Core/Src/JBD_BMS_MESSAGES.c:26:6:decode_CAN_Voltage	32	static
../Core/Src/JBD_BMS_MESSAGES.c:42:6:decode_CAN_0x103	16	static
../Core/Src/JBD_BMS_MESSAGES.c:52:6:decode_CAN_0x102	32	static
../Core/Src/JBD_BMS_MESSAGES.c:68:6:decode_CAN_0x104	16	static
../Core/Src/JBD_BMS_MESSAGES.c:77:6:decode_CAN_0x105	24	static
../Core/Src/JBD_BMS_MESSAGES.c:92:6:decode_CAN_0x106	24	static
../Core/Src/JBD_BMS_MESSAGES.c:107:6:decode_CAN_0x107	48	static
../Core/Src/JBD_BMS_MESSAGES.c:120:6:decode_CAN_0x108	48	static
../Core/Src/JBD_BMS_MESSAGES.c:134:6:decode_CAN_0x109	48	static
../Core/Src/JBD_BMS_MESSAGES.c:148:6:decode_CAN_0x10A	48	static
../Core/Src/JBD_BMS_MESSAGES.c:163:6:decode_CAN_0x10B	48	static
../Core/Src/JBD_BMS_MESSAGES.c:175:6:decode_CAN_0x10C	16	static
../Core/Src/JBD_BMS_MESSAGES.c:190:6:decode_CAN_0x10D	16	static
../Core/Src/JBD_BMS_MESSAGES.c:204:6:decode_CAN_0x10E	16	static
../Core/Src/JBD_BMS_MESSAGES.c:218:6:decode_CAN_0x10F	16	static
../Core/Src/JBD_BMS_MESSAGES.c:232:6:decode_CAN_0x110	16	static
